C51 COMPILER V9.60.0.0   MAIN                                                              01/06/2021 22:11:48 PAGE 1   


C51 COMPILER V9.60.0.0, COMPILATION OF MODULE MAIN
NO OBJECT MODULE REQUESTED
COMPILER INVOKED BY: I:\[20200615]KeilC51\C51\BIN\C51.EXE main.c OMF2 ROM(SMALL) OPTIMIZE(8,SPEED) BROWSE DEBUG PRINT(.\
                    -Listings\main.lst) TABS(2) SRC(.\Objects\main.SRC)

line level    source

   1          unsigned int example(unsigned char i)
   2          {return i*i;}
   3          
   4          main()
   5          {
   6   1      example(80);
   7   1          #pragma asm
   8   1          DJNZ R7,$
   9   1          DJNZ R6,$
  10   1          #pragma endasm
  11   1          while(1);   
  12   1      }


MODULE INFORMATION:   STATIC OVERLAYABLE
   CODE SIZE        =     20    ----
   CONSTANT SIZE    =   ----    ----
   XDATA SIZE       =   ----    ----
   PDATA SIZE       =   ----    ----
   DATA SIZE        =   ----    ----
   IDATA SIZE       =   ----    ----
   BIT SIZE         =   ----    ----
   EDATA SIZE       =   ----    ----
   HDATA SIZE       =   ----    ----
   XDATA CONST SIZE =   ----    ----
   FAR CONST SIZE   =   ----    ----
END OF MODULE INFORMATION.


C51 COMPILATION COMPLETE.  0 WARNING(S),  0 ERROR(S)
