AX51 MACRO ASSEMBLER  ASMTEST                                                               03/18/20 21:31:57 PAGE     1


MACRO ASSEMBLER AX51 V3.15.3.0
OBJECT MODULE PLACED IN .\Objects\asmtest.obj
ASSEMBLER INVOKED BY: G:\Keil_v5\C51\BIN\AX51.EXE asmtest.a51 SET(SMALL) DEBUG PRINT(.\Listings\asmtest.lst) OBJECT(.\Ob
                      jects\asmtest.obj) EP

LOC    OBJ             LINE     SOURCE

                          1     
                          2     NAME ASM
------                    3     ?PR?_asm?ASMTEST SEGMENT CODE
------                    4     ?BI?_asm?ASMTEST SEGMENT BIT
                          5     PUBLIC ?_asm?BIT
                          6     PUBLIC _asm
------                    7     RSEG ?BI?_asm?ASMTEST
0000.0                    8     ?_asm?BIT:
0000.0                    9     VAL:DBIT 1
------                   10     RSEG ?PR?_asm?ASMTEST
000000 EF                11     _asm:MOV A,R7
000001 A200       F      12     MOV C,VAL
000003 DD01              13     DJNZ R5,JP1
000005 13                14     RRC A
000006                   15     JP1:
000006 DD01              16     DJNZ R5,JP2
000008 33                17     RLC A
000009                   18     JP2:
000009 F590              19     MOV 90h,A
00000B FF                20     MOV R7,A
00000C 9200       F      21     MOV VAL,C
00000E 22                22     RET
                         23     END
AX51 MACRO ASSEMBLER  ASMTEST                                                               03/18/20 21:31:57 PAGE     2

SYMBOL TABLE LISTING
------ ----- -------


N A M E                           T Y P E  V A L U E     ATTRIBUTES

?_ASM?BIT. . . . . . . . . . . .  B  ADDR  0000H.0   R   SEG=?BI?_ASM?ASMTEST
?BI?_ASM?ASMTEST . . . . . . . .  B  SEG   000001H       REL=UNIT, ALN=BIT
?PR?_ASM?ASMTEST . . . . . . . .  C  SEG   00000FH       REL=UNIT, ALN=BYTE
_ASM . . . . . . . . . . . . . .  C  ADDR  0000H     R   SEG=?PR?_ASM?ASMTEST
ASM. . . . . . . . . . . . . . .  -- ----  -------       
JP1. . . . . . . . . . . . . . .  C  ADDR  0006H     R   SEG=?PR?_ASM?ASMTEST
JP2. . . . . . . . . . . . . . .  C  ADDR  0009H     R   SEG=?PR?_ASM?ASMTEST
VAL. . . . . . . . . . . . . . .  B  ADDR  0000H.0   R   SEG=?BI?_ASM?ASMTEST


REGISTER BANK(S) USED: 0 


ASSEMBLY COMPLETE.  0 WARNING(S), 0 ERROR(S).
